
> system-ensil@0.1.0 build
> next build

Ôû▓ Next.js 16.2.1 (Turbopack)
- Environments: .env.local

node.exe : ÔÜá The 
"middleware" file 
convention is 
deprecated. Please use 
"proxy" instead. Learn 
more: https://nextjs.or
g/docs/messages/middlew
are-to-proxy
En línea: 1 Carácter: 1
+ & "C:\Program 
Files\nodejs/node.exe" 
"C:\Program 
Files\nodejs/node_mo 
...
+ ~~~~~~~~~~~~~~~~~~~~~
~~~~~~~~~~~~~~~~~~~~~~~
~~~~~~~~~~~~~~~~~~~~~~~
~~
    + CategoryInfo     
         : NotSpecifi  
  ed: (ÔÜá The "midd   
 le...leware-to-pro    
xy:String) [], Rem    
oteException
    + FullyQualifiedEr 
   rorId : NativeComm  
  andError
 
  Creating an optimized production build ...
Ô£ô Compiled successfully in 6.0s
  Running TypeScript ...
  Finished TypeScript in 5.9s ...
  Collecting page data using 5 workers ...
  Generating static pages using 5 workers (0/9) ...
  Generating static pages using 5 workers (2/9) 
  Generating static pages using 5 workers (4/9) 
  Generating static pages using 5 workers (6/9) 
Ô£ô Generating static pages using 5 workers (9/9) in 341ms
  Finalizing page optimization ...

Route (app)
Ôöî Ôùï /
Ôö£ Ôùï /_not-found
Ôö£ ãÆ /catalogos/materiales
Ôö£ ãÆ /catalogos/programas
Ôö£ ãÆ /catalogos/promociones
Ôö£ ãÆ /catalogos/tarifarios
Ôöö Ôùï /login


ãÆ Proxy (Middleware)

Ôùï  (Static)   prerendered as static content
ãÆ  (Dynamic)  server-rendered on demand

